[themearth.com/demo/html/emeet/view/index.html]
[backblue.gif]
[fade.gif]
[index.html]
[themearth.com/demo/html/emeet/view/assets/img/twittercardimg/twittercard-280-150.jpg]
[themearth.com/demo/html/emeet/view/assets/img/opengraph/fbphoto.jpg]
[themearth.com/demo/html/emeet/view/assets/img/favicon.ico]
[themearth.com/demo/html/emeet/view/assets/img/favicon/apple-icon-57x57.png]
[themearth.com/demo/html/emeet/view/assets/img/favicon/apple-icon-60x60.png]
[themearth.com/demo/html/emeet/view/assets/img/favicon/apple-icon-72x72.png]
[themearth.com/demo/html/emeet/view/assets/img/favicon/apple-icon-76x76.png]
[themearth.com/demo/html/emeet/view/assets/img/favicon/apple-icon-114x114.png]
[themearth.com/demo/html/emeet/view/assets/img/favicon/apple-icon-120x120.png]
[themearth.com/demo/html/emeet/view/assets/img/favicon/apple-icon-144x144.png]
[themearth.com/demo/html/emeet/view/assets/img/favicon/apple-icon-152x152.png]
[themearth.com/demo/html/emeet/view/assets/img/favicon/apple-icon-180x180.png]
[themearth.com/demo/html/emeet/view/assets/img/favicon/android-icon-192x192.png]
[themearth.com/demo/html/emeet/view/assets/img/favicon/favicon-32x32.png]
[themearth.com/demo/html/emeet/view/assets/img/favicon/favicon-96x96.png]
[themearth.com/demo/html/emeet/view/assets/img/favicon/favicon-16x16.png]
[themearth.com/demo/html/emeet/view/assets/img/favicon/manifest.json]
[themearth.com/demo/html/emeet/view/assets/libs/bootstrap/css/bootstrap.min.css]
[themearth.com/demo/html/emeet/view/assets/libs/fontawesome/css/font-awesome.min.css]
[themearth.com/demo/html/emeet/view/assets/libs/maginificpopup/magnific-popup.css]
[themearth.com/demo/html/emeet/view/assets/libs/timer/TimeCircles.css]
[themearth.com/demo/html/emeet/view/assets/libs/owlcarousel/owl.carousel.min.css]
[themearth.com/demo/html/emeet/view/assets/libs/owlcarousel/owl.theme.default.min.css]
[themearth.com/demo/html/emeet/view/assets/css/style-default.min.css]
[themearth.com/demo/html/emeet/view/assets/js/vendor/modernizr-2.8.3.min.js]
[themearth.com/demo/html/emeet/view/assets/img/logo.png]
[themearth.com/demo/html/emeet/view/index2.html]
[themearth.com/demo/html/emeet/view/index3.html]
[themearth.com/demo/html/emeet/view/index4.html]
[themearth.com/demo/html/emeet/view/index5.html]
[themearth.com/demo/html/emeet/view/index6.html]
[themearth.com/demo/html/emeet/view/index7.html]
[themearth.com/demo/html/emeet/view/index8.html]
[themearth.com/demo/html/emeet/view/index9.html]
[themearth.com/demo/html/emeet/view/index10.html]
[themearth.com/demo/html/emeet/view/index11.html]
[themearth.com/demo/html/emeet/view/index12.html]
[themearth.com/demo/html/emeet/view/index13.html]
[themearth.com/demo/html/emeet/view/index14.html]
[themearth.com/demo/html/emeet/view/index15.html]
[themearth.com/demo/html/emeet/view/index16.html]
[themearth.com/demo/html/emeet/view/index17.html]
[themearth.com/demo/html/emeet/view/index18.html]
[themearth.com/demo/html/emeet/view/about.html]
[themearth.com/demo/html/emeet/view/schedules.html]
[themearth.com/demo/html/emeet/view/speakers.html]
[themearth.com/demo/html/emeet/view/speaker.html]
[themearth.com/demo/html/emeet/view/sponsors.html]
[themearth.com/demo/html/emeet/view/registration.html]
[themearth.com/demo/html/emeet/view/gallery.html]
[themearth.com/demo/html/emeet/view/contact.html]
[themearth.com/demo/html/emeet/view/news.html]
[themearth.com/demo/html/emeet/view/news-single.html]
[themearth.com/demo/html/emeet/view/assets/img/about-sp.jpg]
[themearth.com/demo/html/emeet/view/assets/img/speakers/speaker1.jpg]
[themearth.com/demo/html/emeet/view/assets/img/speakers/speaker2.jpg]
[themearth.com/demo/html/emeet/view/assets/img/speakers/speaker3.jpg]
[themearth.com/demo/html/emeet/view/assets/img/speakers/speaker4.jpg]
[themearth.com/demo/html/emeet/view/assets/img/speakers/speaker6.jpg]
[themearth.com/demo/html/emeet/view/assets/img/schedule/speaker2.jpg]
[themearth.com/demo/html/emeet/view/assets/img/schedule/speaker3.jpg]
[themearth.com/demo/html/emeet/view/assets/img/schedule/speaker4.jpg]
[themearth.com/demo/html/emeet/view/assets/img/schedule/speaker5.jpg]
[themearth.com/demo/html/emeet/view/assets/img/sponsors/sponsor-sp3.png]
[themearth.com/demo/html/emeet/view/assets/img/sponsors/sponsor-sp2.png]
[themearth.com/demo/html/emeet/view/assets/img/sponsors/sponsor3.png]
[themearth.com/demo/html/emeet/view/assets/img/sponsors/sponsor-sp1.png]
[themearth.com/demo/html/emeet/view/assets/img/icons/4.png]
[themearth.com/demo/html/emeet/view/assets/img/icons/3.png]
[themearth.com/demo/html/emeet/view/assets/img/testimonials/author1.jpg]
[themearth.com/demo/html/emeet/view/assets/img/news/news1.jpg]
[themearth.com/demo/html/emeet/view/assets/img/news/news3.jpg]
[themearth.com/demo/html/emeet/view/assets/img/info-icon1.png]
[themearth.com/demo/html/emeet/view/assets/img/info-icon2.png]
[themearth.com/demo/html/emeet/view/assets/img/info-icon3.png]
[themearth.com/demo/html/emeet/view/assets/img/footer-logo.png]
[themearth.com/demo/html/emeet/view/assets/libs/bootstrap/js/bootstrap.min.js]
[themearth.com/demo/html/emeet/view/assets/libs/jquery.smooth-scroll.js]
[themearth.com/demo/html/emeet/view/assets/libs/gmap/jquery.googlemap.js]
[themearth.com/demo/html/emeet/view/assets/libs/maginificpopup/jquery.magnific-popup.min.js]
[themearth.com/demo/html/emeet/view/assets/libs/owlcarousel/owl.carousel.min.js]
[themearth.com/demo/html/emeet/view/assets/libs/countdown.js]
[themearth.com/demo/html/emeet/view/assets/libs/timer/TimeCircles.js]
[themearth.com/demo/html/emeet/view/assets/libs/waypoints.min.js]
[themearth.com/demo/html/emeet/view/assets/libs/counterup/jquery.counterup.min.js]
[themearth.com/demo/html/emeet/view/assets/libs/jquery.smooth-scroll.min.js]
[themearth.com/demo/html/emeet/view/assets/libs/jquery.easing.min.js]
[themearth.com/demo/html/emeet/view/assets/libs/typed/typed.min.js]
[themearth.com/demo/html/emeet/view/assets/libs/header-parallax.js]
[themearth.com/demo/html/emeet/view/assets/libs/instafeed.min.js]
[themearth.com/demo/html/emeet/view/assets/js/custom.script.js]
[themearth.com/demo/html/emeet/view/index.html]
[themearth.com/demo/html/emeet/view/switcher/js/switcherd41d.js]
[fonts.googleapis.com/css60bc.css]
[themearth.com/demo/html/emeet/view/assets/img/sponsors/sponsor2.png]
[themearth.com/demo/html/emeet/view/index2.html]
[themearth.com/demo/html/emeet/view/assets/img/sponsors/sponsor1.png]
[themearth.com/demo/html/emeet/view/assets/img/parallax/3.png]
[themearth.com/demo/html/emeet/view/assets/img/parallax/4.png]
[themearth.com/demo/html/emeet/view/assets/img/parallax/5.png]
[themearth.com/demo/html/emeet/view/assets/img/parallax/6.png]
[themearth.com/demo/html/emeet/view/assets/img/gallery/gallery4.jpg]
[themearth.com/demo/html/emeet/view/assets/img/gallery/gallery3.jpg]
[themearth.com/demo/html/emeet/view/assets/img/gallery/gallery5.jpg]
[themearth.com/demo/html/emeet/view/assets/img/gallery/gallery6.jpg]
[themearth.com/demo/html/emeet/view/index3.html]
[themearth.com/demo/html/emeet/view/assets/img/sponsors/w-sponsor-sp1.png]
[themearth.com/demo/html/emeet/view/assets/img/sponsors/w-sponsor4.png]
[themearth.com/demo/html/emeet/view/assets/img/sponsors/w-sponsor6.png]
[themearth.com/demo/html/emeet/view/assets/img/sponsors/w-sponsor5.png]
[themearth.com/demo/html/emeet/view/assets/img/sponsors/w-sponsor-sp2.png]
[themearth.com/demo/html/emeet/view/assets/img/sponsors/w-sponsor1.png]
[themearth.com/demo/html/emeet/view/assets/img/sponsors/w-sponsor2.png]
[themearth.com/demo/html/emeet/view/index4.html]
[themearth.com/demo/html/emeet/view/assets/img/sponsors/w-sponsor3.png]
[themearth.com/demo/html/emeet/view/index5.html]
[themearth.com/demo/html/emeet/view/index6.html]
[themearth.com/demo/html/emeet/view/index7.html]
[themearth.com/demo/html/emeet/view/assets/img/video-bg.jpg]
[themearth.com/demo/html/emeet/view/index8.html]
[themearth.com/demo/html/emeet/view/index9.html]
[themearth.com/demo/html/emeet/view/assets/img/icons/1.png]
[themearth.com/demo/html/emeet/view/index10.html]
[themearth.com/demo/html/emeet/view/index11.html]
[themearth.com/demo/html/emeet/view/index12.html]
[themearth.com/demo/html/emeet/view/assets/img/about-video-bg2.jpg]
[themearth.com/demo/html/emeet/view/assets/img/slider7.jpg]
[themearth.com/demo/html/emeet/view/assets/img/slider6.jpg]
[themearth.com/demo/html/emeet/view/assets/img/slider4.jpg]
[themearth.com/demo/html/emeet/view/index13.html]
[themearth.com/demo/html/emeet/view/index14.html]
[themearth.com/demo/html/emeet/view/index15.html]
[themearth.com/demo/html/emeet/view/assets/img/about-img.jpg]
[themearth.com/demo/html/emeet/view/news-list.84.delayed]
[themearth.com/demo/html/emeet/view/assets/img/travel-info1.jpg]
[themearth.com/demo/html/emeet/view/assets/img/travel-info2.jpg]
[themearth.com/demo/html/emeet/view/assets/img/travel-info3.jpg]
[themearth.com/demo/html/emeet/view/index16.html]
[themearth.com/demo/html/emeet/view/assets/img/about-christmas.png]
[themearth.com/demo/html/emeet/view/assets/img/info-christ-icon2.png]
[themearth.com/demo/html/emeet/view/index17.html]
[themearth.com/demo/html/emeet/view/index18.html]
[themearth.com/demo/html/emeet/view/about.html]
[themearth.com/demo/html/emeet/view/schedules.html]
[themearth.com/demo/html/emeet/view/speakers.html]
[themearth.com/demo/html/emeet/view/speaker.html]
[themearth.com/demo/html/emeet/view/sponsors.html]
[themearth.com/demo/html/emeet/view/registration.html]
[themearth.com/demo/html/emeet/view/gallery.html]
[themearth.com/demo/html/emeet/view/contact.html]
[themearth.com/demo/html/emeet/view/news.html]
[themearth.com/demo/html/emeet/view/assets/img/about-logo.png]
[themearth.com/demo/html/emeet/view/assets/img/bannar5.jpg]
[themearth.com/demo/html/emeet/view/assets/img/image-alignment.jpg]
[themearth.com/demo/html/emeet/view/news-single.html]
[fonts.googleapis.com/cssee12.css]
[themearth.com/demo/html/emeet/view/news-list.html]
[themearth.com/demo/html/emeet/view/assets/js/vendor/modernizr-2.8.3.min.js]
[themearth.com/demo/html/emeet/view/assets/libs/bootstrap/fonts/glyphicons-halflings-regular.eot]
[themearth.com/demo/html/emeet/view/assets/libs/bootstrap/fonts/glyphicons-halflings-regulard41d.eot]
[themearth.com/demo/html/emeet/view/assets/img/logo.png]
[themearth.com/demo/html/emeet/view/assets/libs/bootstrap/fonts/glyphicons-halflings-regular.woff2]
[themearth.com/demo/html/emeet/view/assets/libs/bootstrap/fonts/glyphicons-halflings-regular.woff]
[themearth.com/demo/html/emeet/view/assets/libs/bootstrap/fonts/glyphicons-halflings-regular.ttf]
[themearth.com/demo/html/emeet/view/assets/img/speakers/speaker1.jpg]
[themearth.com/demo/html/emeet/view/assets/img/about-sp.jpg]
[themearth.com/demo/html/emeet/view/assets/img/speakers/speaker2.jpg]
[themearth.com/demo/html/emeet/view/assets/libs/bootstrap/css/bootstrap.min.css]
[themearth.com/demo/html/emeet/view/assets/libs/fontawesome/fonts/fontawesome-webfont3e6e.eot]
[themearth.com/demo/html/emeet/view/assets/img/speakers/speaker6.jpg]
[themearth.com/demo/html/emeet/view/assets/libs/fontawesome/fonts/fontawesome-webfontd41d.eot]
[themearth.com/demo/html/emeet/view/assets/img/speakers/speaker3.jpg]
[themearth.com/demo/html/emeet/view/assets/img/speakers/speaker4.jpg]
[themearth.com/demo/html/emeet/view/assets/img/schedule/speaker2.jpg]
[themearth.com/demo/html/emeet/view/assets/libs/fontawesome/fonts/fontawesome-webfont3e6e.woff2]
[themearth.com/demo/html/emeet/view/assets/libs/fontawesome/css/font-awesome.min.css]
[themearth.com/demo/html/emeet/view/assets/libs/maginificpopup/magnific-popup.css]
[themearth.com/demo/html/emeet/view/assets/libs/fontawesome/fonts/fontawesome-webfont3e6e.woff]
[themearth.com/demo/html/emeet/view/assets/libs/timer/TimeCircles.css]
[themearth.com/demo/html/emeet/view/assets/img/schedule/speaker3.jpg]
[themearth.com/demo/html/emeet/view/assets/img/schedule/speaker4.jpg]
[themearth.com/demo/html/emeet/view/assets/libs/fontawesome/fonts/fontawesome-webfont3e6e.ttf]
[themearth.com/demo/html/emeet/view/assets/img/schedule/speaker5.jpg]
[themearth.com/demo/html/emeet/view/assets/libs/owlcarousel/owl.video.play.png]
[themearth.com/demo/html/emeet/view/assets/libs/owlcarousel/owl.carousel.min.css]
[themearth.com/demo/html/emeet/view/assets/img/sponsors/sponsor-sp3.png]
[themearth.com/demo/html/emeet/view/assets/libs/owlcarousel/owl.theme.default.min.css]
[themearth.com/demo/html/emeet/view/assets/img/sponsors/sponsor3.png]
[themearth.com/demo/html/emeet/view/assets/img/sponsors/sponsor-sp2.png]
[themearth.com/demo/html/emeet/view/assets/img/sponsors/sponsor-sp1.png]
[themearth.com/demo/html/emeet/view/assets/img/icons/4.png]
[themearth.com/demo/html/emeet/view/assets/img/banner.jpg]
[themearth.com/demo/html/emeet/view/assets/img/icons/3.png]
[themearth.com/demo/html/emeet/view/assets/img/testimonials/author1.jpg]
[themearth.com/demo/html/emeet/view/assets/img/news/news1.jpg]
[themearth.com/demo/html/emeet/view/assets/img/bannar-home2.jpg]
[themearth.com/demo/html/emeet/view/assets/img/info-icon1.png]
[themearth.com/demo/html/emeet/view/assets/img/news/news3.jpg]
[themearth.com/demo/html/emeet/view/assets/img/banner3.jpg]
[themearth.com/demo/html/emeet/view/assets/img/info-icon2.png]
[themearth.com/demo/html/emeet/view/assets/img/bannar4.jpg]
[themearth.com/demo/html/emeet/view/assets/img/footer-logo.png]
[themearth.com/demo/html/emeet/view/assets/img/info-icon3.png]
[themearth.com/demo/html/emeet/view/assets/libs/jquery.smooth-scroll.js]
[themearth.com/demo/html/emeet/view/assets/libs/bootstrap/js/bootstrap.min.js]
[themearth.com/demo/html/emeet/view/assets/libs/gmap/jquery.googlemap.js]
[themearth.com/demo/html/emeet/view/assets/libs/maginificpopup/jquery.magnific-popup.min.js]
[themearth.com/demo/html/emeet/view/assets/img/banner2.jpg]
[themearth.com/demo/html/emeet/view/assets/libs/owlcarousel/owl.carousel.min.js]
[themearth.com/demo/html/emeet/view/assets/libs/countdown.js]
[themearth.com/demo/html/emeet/view/assets/libs/timer/TimeCircles.js]
[themearth.com/demo/html/emeet/view/assets/img/bannar6.jpg]
[themearth.com/demo/html/emeet/view/assets/libs/waypoints.min.js]
[themearth.com/demo/html/emeet/view/assets/img/banner-music.jpg]
[themearth.com/demo/html/emeet/view/assets/img/slider1.jpg]
[themearth.com/demo/html/emeet/view/assets/img/banner-new.jpg]
[themearth.com/demo/html/emeet/view/assets/img/banner-new2.jpg]
[themearth.com/demo/html/emeet/view/assets/img/banner-christmas.jpg]
[themearth.com/demo/html/emeet/view/assets/img/bannar-comingsoon.jpg]
[themearth.com/demo/html/emeet/view/assets/img/parallex-bg.jpg]
[themearth.com/demo/html/emeet/view/assets/img/banner-circle.jpg]
[themearth.com/demo/html/emeet/view/assets/img/about-bg.jpg]
[themearth.com/demo/html/emeet/view/assets/img/about-bg2.jpg]
[themearth.com/demo/html/emeet/view/assets/img/about-bgmusic.jpg]
[themearth.com/demo/html/emeet/view/assets/img/dots2.png]
[themearth.com/demo/html/emeet/view/assets/img/speakers-bg-black.jpg]
[themearth.com/demo/html/emeet/view/assets/img/speakers-bg2.jpg]
[themearth.com/demo/html/emeet/view/assets/libs/counterup/jquery.counterup.min.js]
[themearth.com/demo/html/emeet/view/assets/img/speakers-bg-brand.jpg]
[themearth.com/demo/html/emeet/view/assets/img/speakers-christmas-bg.jpg]
[themearth.com/demo/html/emeet/view/assets/libs/jquery.smooth-scroll.min.js]
[themearth.com/demo/html/emeet/view/assets/libs/jquery.easing.min.js]
[themearth.com/demo/html/emeet/view/assets/libs/typed/typed.min.js]
[themearth.com/demo/html/emeet/view/assets/img/ice-up-ash.png]
[themearth.com/demo/html/emeet/view/assets/libs/header-parallax.js]
[themearth.com/demo/html/emeet/view/assets/libs/instafeed.min.js]
[themearth.com/demo/html/emeet/view/assets/js/custom.script.js]
[themearth.com/demo/html/emeet/view/switcher/js/switcherd41d.js]
[themearth.com/demo/html/emeet/view/assets/img/milestone-bg.jpg]
[themearth.com/demo/html/emeet/view/assets/img/sponsors/sponsor1.png]
[themearth.com/demo/html/emeet/view/assets/img/schedule-bg-pattern.png]
[themearth.com/demo/html/emeet/view/assets/img/parallax/3.png]
[themearth.com/demo/html/emeet/view/assets/img/sponsors/sponsor2.png]
[themearth.com/demo/html/emeet/view/assets/img/schedule-bg-pattern2.png]
[themearth.com/demo/html/emeet/view/assets/img/schedule-bgmusic.jpg]
[themearth.com/demo/html/emeet/view/assets/img/parallax/4.png]
[themearth.com/demo/html/emeet/view/assets/img/parallax/5.png]
[themearth.com/demo/html/emeet/view/assets/img/schedule-christmas-pattern.png]
[themearth.com/demo/html/emeet/view/assets/img/sponsor-bg.jpg]
[themearth.com/demo/html/emeet/view/assets/img/registration-bg.jpg]
[themearth.com/demo/html/emeet/view/assets/img/christmas-video.jpg]
[themearth.com/demo/html/emeet/view/assets/img/ice-down-ash.png]
[themearth.com/demo/html/emeet/view/assets/img/registration-style-christmas.png]
[themearth.com/demo/html/emeet/view/assets/img/registrationbox-bg.jpg]
[themearth.com/demo/html/emeet/view/assets/img/registration-simple-bg.jpg]
[themearth.com/demo/html/emeet/view/assets/img/parallax/6.png]
[themearth.com/demo/html/emeet/view/assets/img/testi-bg.jpg]
[themearth.com/demo/html/emeet/view/assets/img/quote.png]
[themearth.com/demo/html/emeet/view/assets/img/parallax/pl_mb1.png]
[themearth.com/demo/html/emeet/view/assets/img/travelinfo1.jpg]
[themearth.com/demo/html/emeet/view/assets/img/gallery/gallery4.jpg]
[themearth.com/demo/html/emeet/view/assets/img/travelinfo2.jpg]
[themearth.com/demo/html/emeet/view/assets/img/travelinfo3.jpg]
[themearth.com/demo/html/emeet/view/assets/img/ice-up-brand.png]
[themearth.com/demo/html/emeet/view/assets/img/subscribe-bg.jpg]
[themearth.com/demo/html/emeet/view/assets/img/gallery/gallery3.jpg]
[themearth.com/demo/html/emeet/view/assets/img/subscribe-bg-black.jpg]
[themearth.com/demo/html/emeet/view/assets/img/footer-bg.jpg]
[themearth.com/demo/html/emeet/view/assets/img/footer-bgmusic.jpg]
[themearth.com/demo/html/emeet/view/assets/img/footer-christmas.jpg]
[themearth.com/demo/html/emeet/view/assets/img/banner-inner2.jpg]
[themearth.com/demo/html/emeet/view/assets/img/gallery/gallery5.jpg]
[themearth.com/demo/html/emeet/view/assets/css/style-default.min.css]
[themearth.com/demo/html/emeet/view/index2.html]
[themearth.com/demo/html/emeet/view/assets/img/sponsors/w-sponsor-sp1.png]
[themearth.com/demo/html/emeet/view/assets/img/sponsors/w-sponsor4.png]
[themearth.com/demo/html/emeet/view/assets/img/sponsors/w-sponsor6.png]
[themearth.com/demo/html/emeet/view/assets/img/sponsors/w-sponsor-sp2.png]
[themearth.com/demo/html/emeet/view/assets/img/sponsors/w-sponsor5.png]
[themearth.com/demo/html/emeet/view/assets/img/sponsors/w-sponsor1.png]
[fonts.googleapis.com/cssee12.css]
[themearth.com/demo/html/emeet/view/assets/img/sponsors/w-sponsor2.png]
[themearth.com/demo/html/emeet/view/assets/img/sponsors/w-sponsor3.png]
[themearth.com/demo/html/emeet/view/assets/img/video-bg.jpg]
[themearth.com/demo/html/emeet/view/assets/img/icons/1.png]
[themearth.com/demo/html/emeet/view/assets/img/about-video-bg2.jpg]
[themearth.com/demo/html/emeet/view/news-list.html]
[themearth.com/demo/html/emeet/view/assets/img/slider7.jpg]
[themearth.com/demo/html/emeet/view/assets/img/slider6.jpg]
[themearth.com/demo/html/emeet/view/assets/img/travel-info1.jpg]
[themearth.com/demo/html/emeet/view/assets/libs/bootstrap/fonts/glyphicons-halflings-regular.svg]
[themearth.com/demo/html/emeet/view/assets/libs/fontawesome/fonts/fontawesome-webfont3e6e.eot]
[themearth.com/demo/html/emeet/view/assets/libs/fontawesome/fonts/fontawesome-webfont3e6e.svg]
[themearth.com/demo/html/emeet/view/assets/img/info-christ-icon2.png]
[themearth.com/demo/html/emeet/view/assets/libs/owlcarousel/owl.video.play.html]
[themearth.com/demo/html/emeet/view/assets/img/about-logo.png]
[themearth.com/demo/html/emeet/view/assets/img/banner.jpg]
[themearth.com/demo/html/emeet/view/assets/img/parallax/pl_mb1.html]
[themearth.com/demo/html/emeet/view/assets/img/speakers/speaker5.jpg]
[themearth.com/demo/html/emeet/view/assets/img/testi-bg.jpg]
[themearth.com/demo/html/emeet/view/assets/img/travelinfo1.jpg]
[themearth.com/demo/html/emeet/view/assets/img/bannar-home2.jpg]
[themearth.com/demo/html/emeet/view/assets/img/schedule/speaker1.jpg]
[themearth.com/demo/html/emeet/view/assets/img/sponsors/sponsor4.png]
[themearth.com/demo/html/emeet/view/assets/img/icons/2.png]
[themearth.com/demo/html/emeet/view/assets/img/news/news2.jpg]
[themearth.com/demo/html/emeet/view/assets/img/parallax/7.png]
[themearth.com/demo/html/emeet/view/assets/js/vendor/jquery-1.12.4.min.js]
[themearth.com/demo/html/emeet/view/assets/libs/jquery.validate.js]
[themearth.com/demo/html/emeet/view/assets/img/sponsors/w-sponsor-sp3.png]
[themearth.com/demo/html/emeet/view/assets/img/sponsors/sponsor5.png]
[themearth.com/demo/html/emeet/view/assets/img/gallery/gallery2.jpg]
[themearth.com/demo/html/emeet/view/assets/img/info-christ-icon1.png]
[themearth.com/demo/html/emeet/view/assets/img/sponsors/sponsor6.png]
[themearth.com/demo/html/emeet/view/assets/img/info-christ-icon3.png]
[themearth.com/demo/html/emeet/view/assets/img/banner-bg2.jpg]
