[madsparrow.me/emily/index.html]
[backblue.gif]
[fade.gif]
[index.html]
[madsparrow.me/emily/assets/images/ico/favicon.png]
[madsparrow.me/emily/assets/css/plugins.min.css]
[madsparrow.me/emily/assets/css/style.css]
[madsparrow.me/emily/logo-dark.svg]
[madsparrow.me/emily/logo-light.svg]
[madsparrow.me/emily/albums.html]
[madsparrow.me/emily/gallery.html]
[madsparrow.me/emily/blog.html]
[madsparrow.me/emily/about.html]
[madsparrow.me/emily/contact.html]
[madsparrow.me/emily/assets/images/2.jpg]
[madsparrow.me/emily/assets/images/1.jpg]
[madsparrow.me/emily/assets/images/3.jpg]
[madsparrow.me/emily/assets/images/4.jpg]
[madsparrow.me/emily/assets/js/jquery-3.2.1.min.js]
[madsparrow.me/emily/index.html]
[madsparrow.me/emily/assets/js/plugins.min.js]
[madsparrow.me/emily/assets/js/main.js]
[madsparrow.me/emily/assets/images/2a.jpg]
[madsparrow.me/emily/assets/images/1a.jpg]
[madsparrow.me/emily/assets/images/3a.jpg]
[madsparrow.me/emily/assets/images/4a.jpg]
[madsparrow.me/emily/assets/images/5a.jpg]
[madsparrow.me/emily/assets/images/6a.jpg]
[madsparrow.me/emily/assets/images/7a.jpg]
[madsparrow.me/emily/assets/images/8a.jpg]
[madsparrow.me/emily/assets/images/9a.jpg]
[madsparrow.me/emily/albums.html]
[mir-s3-cdn-cf.behance.net/project_modules/1400/bcabe753001729.59248241d5973.jpg]
[mir-s3-cdn-cf.behance.net/project_modules/1400/2c27c153001729.59248241d41dc.jpg]
[mir-s3-cdn-cf.behance.net/project_modules/1400/e38eaa53001729.59248241d525e.jpg]
[mir-s3-cdn-cf.behance.net/project_modules/max_1200/9cb5b453001729.59248241d6716.jpg]
[mir-s3-cdn-cf.behance.net/project_modules/1400/2f27f953001729.59248241d457b.jpg]
[mir-s3-cdn-cf.behance.net/project_modules/max_1200/d479cc53001729.59248241d5d18.jpg]
[mir-s3-cdn-cf.behance.net/project_modules/1400/c5274053001729.59248241d603d.jpg]
[madsparrow.me/emily/gallery.html]
[madsparrow.me/emily/blog-single-page.html]
[madsparrow.me/emily/assets/images/10b.jpg]
[madsparrow.me/emily/assets/images/13b.jpg]
[madsparrow.me/emily/assets/images/12b.jpg]
[madsparrow.me/emily/blog.html]
[madsparrow.me/emily/assets/images/11b.jpg]
[madsparrow.me/emily/assets/images/14about.jpg]
[madsparrow.me/emily/about.html]
[madsparrow.me/emily/contact.html]
[madsparrow.me/emily/assets/images/bsp.jpg]
[madsparrow.me/emily/blog-single-page.html]
[madsparrow.me/emily/assets/images/1.jpg]
[madsparrow.me/emily/assets/images/2.jpg]
[madsparrow.me/emily/assets/images/4.jpg]
[madsparrow.me/emily/assets/images/3.jpg]
[madsparrow.me/emily/assets/images/loader_skype_trans.gif]
[madsparrow.me/emily/assets/js/jquery-3.2.1.min.js]
[madsparrow.me/emily/assets/js/main.js]
[madsparrow.me/emily/assets/images/1a.jpg]
[madsparrow.me/emily/assets/js/plugins.min.js]
[madsparrow.me/emily/assets/images/loader-white1.gif]
[madsparrow.me/emily/assets/images/6a.jpg]
[madsparrow.me/emily/assets/images/loader-black1.gif]
[madsparrow.me/emily/assets/images/10b.jpg]
[madsparrow.me/emily/assets/images/12b.jpg]
[madsparrow.me/emily/assets/images/13b.jpg]
[madsparrow.me/emily/assets/images/14about.jpg]
[madsparrow.me/emily/assets/images/bsp.jpg]
[madsparrow.me/emily/assets/images/11b.jpg]
[madsparrow.me/emily/assets/images/loader-white2.gif]
[madsparrow.me/emily/assets/images/loader-black2.gif]
[madsparrow.me/emily/assets/images/loader-white3.gif]
[madsparrow.me/emily/assets/images/loader-black3.gif]
[madsparrow.me/emily/assets/images/loader-white4.gif]
[madsparrow.me/emily/assets/images/loader-black4.gif]
[madsparrow.me/emily/assets/images/loader-white5.gif]
[madsparrow.me/emily/assets/images/loader-black5.gif]
[madsparrow.me/emily/assets/images/loader-white6.gif]
[madsparrow.me/emily/assets/images/loader-black6.gif]
[madsparrow.me/emily/assets/images/loader-white7.gif]
[madsparrow.me/emily/assets/images/loader-black7.gif]
[madsparrow.me/emily/assets/images/play-button-square.png]
[madsparrow.me/emily/assets/images/play-button-round.png]
[madsparrow.me/emily/assets/images/button-close.png]
[madsparrow.me/emily/assets/images/loader.gif]
[madsparrow.me/emily/assets/images/loader_bright.gif]
[madsparrow.me/emily/assets/images/not_loaded.png]
[madsparrow.me/emily/assets/images/cover-grid.png]
[madsparrow.me/emily/assets/images/icon-link32.png]
[madsparrow.me/emily/assets/images/icon-zoom32.png]
[madsparrow.me/emily/assets/images/icon-play32.png]
[madsparrow.me/emily/assets/images/lightbox-arrow-left.png]
[madsparrow.me/emily/assets/images/lightbox-arrow-right.png]
[madsparrow.me/emily/assets/images/lightbox-icon-close.png]
[madsparrow.me/emily/assets/images/lightbox-icon-close-compact2.png]
[madsparrow.me/emily/assets/css/plugins.min.css]
[d1azc1qln24ryf.cloudfront.net/114779/Socicon/style-cf39e1.css]
[madsparrow.me/emily/assets/css/style.css]
[madsparrow.me/emily/logo-dark.svg]
[madsparrow.me/emily/logo-light.svg]
[madsparrow.me/emily/blog-single-page.html]
[madsparrow.me/emily/assets/skins/default/slider_arrow_left.html]
[madsparrow.me/emily/assets/skins/default/slider_arrow_right.html]
[madsparrow.me/emily/assets/skins/default/slider_bullets.html]
[madsparrow.me/emily/assets/skins/default/tile_bullets_gray.html]
[madsparrow.me/emily/assets/skins/default/tile_bullets_blue.html]
[madsparrow.me/emily/assets/skins/default/tile_bullets_brown.html]
[madsparrow.me/emily/assets/skins/default/tile_bullets_green.html]
[madsparrow.me/emily/assets/skins/default/tile_bullets_red.html]
[madsparrow.me/emily/assets/skins/default/tile_button_left.html]
[madsparrow.me/emily/assets/skins/default/tile_button_right.html]
[madsparrow.me/emily/assets/skins/default/tile_button_play_pause.html]
[madsparrow.me/emily/assets/skins/default/button_playpause.html]
[madsparrow.me/emily/assets/skins/default/button_fullscreen.html]
[madsparrow.me/emily/assets/skins/default/icon_zoom_plus.html]
[madsparrow.me/emily/assets/skins/default/icon_zoom_minus.html]
[madsparrow.me/emily/assets/skins/default/icon_zoom_back.html]
[madsparrow.me/emily/assets/skins/default/arrow_grid_down.html]
[madsparrow.me/emily/assets/skins/default/arrow_grid_up.html]
[madsparrow.me/emily/assets/skins/default/grid_arrow_left.html]
[madsparrow.me/emily/assets/skins/default/grid_arrow_right.html]
[madsparrow.me/emily/assets/skins/default/arrows_strip_left.html]
[madsparrow.me/emily/assets/skins/default/arrows_strip_right.html]
[madsparrow.me/emily/assets/skins/default/arrows_strip_up.html]
[madsparrow.me/emily/assets/skins/default/arrows_strip_down.html]
[madsparrow.me/emily/assets/skins/default/grid_handle_black_left.html]
[madsparrow.me/emily/assets/skins/default/grid_handle_black_right.html]
[madsparrow.me/emily/assets/skins/default/grid_handle_black_top.html]
[madsparrow.me/emily/assets/skins/default/grid_handle_black_bottom.html]
[madsparrow.me/emily/assets/css/images/button_fullscreen.html]
[madsparrow.me/emily/assets/css/images/button_fullscreen_single.html]
[madsparrow.me/emily/assets/css/images/button_playpause.html]
[madsparrow.me/emily/assets/css/images/button_playpause_single.html]
[madsparrow.me/emily/assets/css/images/arrow_down_up.html]
[d1azc1qln24ryf.cloudfront.net/114779/Socicon/Sociconcee1.eot]
[d1azc1qln24ryf.cloudfront.net/114779/Socicon/Sociconcee1.woff2]
[d1azc1qln24ryf.cloudfront.net/114779/Socicon/Sociconcee1.ttf]
[d1azc1qln24ryf.cloudfront.net/114779/Socicon/Sociconcee1.woff]
[d1azc1qln24ryf.cloudfront.net/114779/Socicon/style-cf39e1.css]
[d1azc1qln24ryf.cloudfront.net/114779/Socicon/Sociconcee1.svg]
[d1azc1qln24ryf.cloudfront.net/114779/Socicon/Sociconcee1.svg]
